
> backend@1.0.0 test
> jest --runInBand

node.exe : FAIL tests/security.test.ts
At line:1 char:1
+ & "C:\Program Files\nodejs/node.exe" "C:\Program Files\nodejs/node_mo ...
+ ~~~~~~~~~~~~~~~~~~~~~~~~~~~~~~~~~~~~~~~~~~~~~~~~~~~~~~~~~~~~~~~~~~~~~
    + CategoryInfo          : NotSpecified: (FAIL tests/security.test.ts:Strin 
   g) [], RemoteException
    + FullyQualifiedErrorId : NativeCommandError
 
  ΓùÅ Test suite failed to run

    [96msrc/routes/api.ts[0m:[93m2[0m:[93m34[0m - [91merror[0m[90m TS2
305: [0mModule '"../controllers/authController"' has no exported member 'regis
ter'.

    [7m2[0m import { approvePengurus, login, register } from "../controllers/
authController";
    [7m [0m [91m                                 ~~~~~~~~[0m
    [96msrc/routes/api.ts[0m:[93m11[0m:[93m3[0m - [91merror[0m[90m TS2
305: [0mModule '"../controllers/zisController"' has no exported member 'getDas
hboardZis'.

    [7m11[0m   getDashboardZis,
    [7m  [0m [91m  ~~~~~~~~~~~~~~~[0m

Test Suites: 1 failed, 1 total
Tests:       0 total
Snapshots:   0 total
Time:        3.718 s, estimated 6 s
Ran all test suites.
